// Jest Snapshot v1, https://goo.gl/fbAQLP

exports[`Home should match snapshot 1`] = `
<div
  className="main"
>
  <div
    className="form-group row"
  >
    <label
      className="col-3 offset-md-3 col-md-2 offset-lg-4 col-lg-1 col-form-label text-center"
    >
      My ID:
    </label>
    <div
      className="col-9 col-md-5 col-lg-3"
    >
      <input
        className="form-control text-center player-id"
        readOnly={true}
        type="text"
        value=""
      />
    </div>
  </div>
  <div
    className="players-list row"
  >
    <div
      className="text-center col-12"
    >
      Players:
    </div>
    <div
      className="col-12 col-md-6 offset-md-3 col-lg-4 offset-lg-4"
    >
      <ul
        className="list-group"
      />
    </div>
  </div>
  <div
    className="invite-form row"
  >
    <div
      className="col-12 text-center"
    >
      <input
        className="form-control text-center col-8 offset-2 col-md-4 offset-md-4 opponent-id"
        onChange={[Function]}
        placeholder="Insert ID"
        type="text"
        value=""
      />
      <button
        className="btn btn-outline-primary"
        onClick={[Function]}
      >
        Invite
      </button>
    </div>
  </div>
</div>
`;
